Script started on Mon Oct 13 21:48:31 2025
bash: loads: command not found

The default interactive shell is now zsh.
To update your account to use zsh, please run `chsh -s /bin/zsh`.
For more details, please visit https://support.apple.com/kb/HT208050.
[?1034hbash-3.2$ docker ps
CONTAINER ID   IMAGE     COMMAND                  CREATED         STATUS         PORTS                     NAMES
2c95bd11a4a7   mongo     "docker-entrypoint.sâ€¦"   6 minutes ago   Up 6 minutes   0.0.0.0:3456->27017/tcp   todo-backend-mongo-1
804f5be2b668   redis     "docker-entrypoint.sâ€¦"   6 minutes ago   Up 6 minutes   0.0.0.0:3457->6379/tcp    todo-backend-redis-1
bash-3.2$ docker exi[Kect -it 804f5be2b668 bash
unknown shorthand flag: 'i' in -it
See 'docker --help'.

Usage:  docker [OPTIONS] COMMAND

A self-sufficient runtime for containers

Options:
      --config string      Location of client config files (default
                           "/Users/mdimranpavel/.docker")
  -c, --context string     Name of the context to use to connect to the
                           daemon (overrides DOCKER_HOST env var and
                           default context set with "docker context use")
  -D, --debug              Enable debug mode
  -H, --host list          Daemon socket(s) to connect to
  -l, --log-level string   Set the logging level
                           ("debug"|"info"|"warn"|"error"|"fatal")
                           (default "info")
      --tls                Use TLS; implied by --tlsverify
      --tlscacert string   Trust certs signed only by this CA (default
                           "/Users/mdimranpavel/.docker/ca.pem")
      --tlscert string     Path to TLS certificate file (default
                           "/Users/mdimranpavel/.docker/cert.pem")
      --tlskey string      Path to TLS key file (default
                           "/Users/mdimranpavel/.docker/key.pem")
      --tlsverify          Use TLS and verify the remote
  -v, --version            Print version information and quit

Management Commands:
  builder     Manage builds
  buildx*     Docker Buildx (Docker Inc., v0.8.2)
  compose*    Docker Compose (Docker Inc., v2.7.0)
  config      Manage Docker configs
  container   Manage containers
  context     Manage contexts
  extension*  Manages Docker extensions (Docker Inc., v0.2.8)
  image       Manage images
  manifest    Manage Docker image manifests and manifest lists
  network     Manage networks
  node        Manage Swarm nodes
  plugin      Manage plugins
  sbom*       View the packaged-based Software Bill Of Materials (SBOM) for an image (Anchore Inc., 0.6.0)
  scan*       Docker Scan (Docker Inc., v0.17.0)
  secret      Manage Docker secrets
  service     Manage services
  stack       Manage Docker stacks
  swarm       Manage Swarm
  system      Manage Docker
  trust       Manage trust on Docker images
  volume      Manage volumes

Commands:
  attach      Attach local standard input, output, and error streams to a running container
  build       Build an image from a Dockerfile
  commit      Create a new image from a container's changes
  cp          Copy files/folders between a container and the local filesystem
  create      Create a new container
  diff        Inspect changes to files or directories on a container's filesystem
  events      Get real time events from the server
  exec        Run a command in a running container
  export      Export a container's filesystem as a tar archive
  history     Show the history of an image
  images      List images
  import      Import the contents from a tarball to create a filesystem image
  info        Display system-wide information
  inspect     Return low-level information on Docker objects
  kill        Kill one or more running containers
  load        Load an image from a tar archive or STDIN
  login       Log in to a Docker registry
  logout      Log out from a Docker registry
  logs        Fetch the logs of a container
  pause       Pause all processes within one or more containers
  port        List port mappings or a specific mapping for the container
  ps          List containers
  pull        Pull an image or a repository from a registry
  push        Push an image or a repository to a registry
  rename      Rename a container
  restart     Restart one or more containers
  rm          Remove one or more containers
  rmi         Remove one or more images
  run         Run a command in a new container
  save        Save one or more images to a tar archive (streamed to STDOUT by default)
  search      Search the Docker Hub for images
  start       Start one or more stopped containers
  stats       Display a live stream of container(s) resource usage statistics
  stop        Stop one or more running containers
  tag         Create a tag TARGET_IMAGE that refers to SOURCE_IMAGE
  top         Display the running processes of a container
  unpause     Unpause all processes within one or more containers
  update      Update configuration of one or more containers
  version     Show the Docker version information
  wait        Block until one or more containers stop, then print their exit codes

Run 'docker COMMAND --help' for more information on a command.

[1mTo get more help with docker, check out our guides at https://docs.docker.com/go/guides/[0m

bash-3.2$ docker container ls
CONTAINER ID   IMAGE     COMMAND                  CREATED         STATUS         PORTS                     NAMES
2c95bd11a4a7   mongo     "docker-entrypoint.sâ€¦"   8 minutes ago   Up 8 minutes   0.0.0.0:3456->27017/tcp   todo-backend-mongo-1
804f5be2b668   redis     "docker-entrypoint.sâ€¦"   8 minutes ago   Up 8 minutes   0.0.0.0:3457->6379/tcp    todo-backend-redis-1
bash-3.2$ docker exect -it todo-backedn-redis-1 bash
unknown shorthand flag: 'i' in -it
See 'docker --help'.

Usage:  docker [OPTIONS] COMMAND

A self-sufficient runtime for containers

Options:
      --config string      Location of client config files (default
                           "/Users/mdimranpavel/.docker")
  -c, --context string     Name of the context to use to connect to the
                           daemon (overrides DOCKER_HOST env var and
                           default context set with "docker context use")
  -D, --debug              Enable debug mode
  -H, --host list          Daemon socket(s) to connect to
  -l, --log-level string   Set the logging level
                           ("debug"|"info"|"warn"|"error"|"fatal")
                           (default "info")
      --tls                Use TLS; implied by --tlsverify
      --tlscacert string   Trust certs signed only by this CA (default
                           "/Users/mdimranpavel/.docker/ca.pem")
      --tlscert string     Path to TLS certificate file (default
                           "/Users/mdimranpavel/.docker/cert.pem")
      --tlskey string      Path to TLS key file (default
                           "/Users/mdimranpavel/.docker/key.pem")
      --tlsverify          Use TLS and verify the remote
  -v, --version            Print version information and quit

Management Commands:
  builder     Manage builds
  buildx*     Docker Buildx (Docker Inc., v0.8.2)
  compose*    Docker Compose (Docker Inc., v2.7.0)
  config      Manage Docker configs
  container   Manage containers
  context     Manage contexts
  extension*  Manages Docker extensions (Docker Inc., v0.2.8)
  image       Manage images
  manifest    Manage Docker image manifests and manifest lists
  network     Manage networks
  node        Manage Swarm nodes
  plugin      Manage plugins
  sbom*       View the packaged-based Software Bill Of Materials (SBOM) for an image (Anchore Inc., 0.6.0)
  scan*       Docker Scan (Docker Inc., v0.17.0)
  secret      Manage Docker secrets
  service     Manage services
  stack       Manage Docker stacks
  swarm       Manage Swarm
  system      Manage Docker
  trust       Manage trust on Docker images
  volume      Manage volumes

Commands:
  attach      Attach local standard input, output, and error streams to a running container
  build       Build an image from a Dockerfile
  commit      Create a new image from a container's changes
  cp          Copy files/folders between a container and the local filesystem
  create      Create a new container
  diff        Inspect changes to files or directories on a container's filesystem
  events      Get real time events from the server
  exec        Run a command in a running container
  export      Export a container's filesystem as a tar archive
  history     Show the history of an image
  images      List images
  import      Import the contents from a tarball to create a filesystem image
  info        Display system-wide information
  inspect     Return low-level information on Docker objects
  kill        Kill one or more running containers
  load        Load an image from a tar archive or STDIN
  login       Log in to a Docker registry
  logout      Log out from a Docker registry
  logs        Fetch the logs of a container
  pause       Pause all processes within one or more containers
  port        List port mappings or a specific mapping for the container
  ps          List containers
  pull        Pull an image or a repository from a registry
  push        Push an image or a repository to a registry
  rename      Rename a container
  restart     Restart one or more containers
  rm          Remove one or more containers
  rmi         Remove one or more images
  run         Run a command in a new container
  save        Save one or more images to a tar archive (streamed to STDOUT by default)
  search      Search the Docker Hub for images
  start       Start one or more stopped containers
  stats       Display a live stream of container(s) resource usage statistics
  stop        Stop one or more running containers
  tag         Create a tag TARGET_IMAGE that refers to SOURCE_IMAGE
  top         Display the running processes of a container
  unpause     Unpause all processes within one or more containers
  update      Update configuration of one or more containers
  version     Show the Docker version information
  wait        Block until one or more containers stop, then print their exit codes

Run 'docker COMMAND --help' for more information on a command.

[1mTo get more help with docker, check out our guides at https://docs.docker.com/go/guides/[0m

bash-3.2$ docker exect -it todo-backedn-redis-1 bash[1P
Error: No such container: todo-backedn-redis-1
bash-3.2$ docker exec -it todo-backedn-redis-1 bash[1P[1P[1@n[1@d
[?2004hroot@804f5be2b668:/data# [Kroot@804f5be2b668:/data# redis-cli -v
[?2004lredis-cli 8.2.2
[?2004hroot@804f5be2b668:/data# redis-cli
[?2004l127.0.0.1:6379> [0K127.0.0.1:6379> K[17C[0K127.0.0.1:6379> KE[18C[0K127.0.0.1:6379> KEY[19C[0K127.0.0.1:6379> KEYS[20C[0K127.0.0.1:6379> KEYS [0;90;49mpattern[0m[21C[0K127.0.0.1:6379> KEYS T[0;90;49m pattern[0m[22C[0K127.0.0.1:6379> KEYS TO[0;90;49m pattern[0m[23C[0K127.0.0.1:6379> KEYS TOD[0;90;49m pattern[0m[24C[0K127.0.0.1:6379> KEYS TODO[0;90;49m pattern[0m[25C[0K127.0.0.1:6379> KEYS TODO_[0;90;49m pattern[0m[26C[0K127.0.0.1:6379> KEYS TODO_C[0;90;49m pattern[0m[27C[0K127.0.0.1:6379> KEYS TODO_CO[0;90;49m pattern[0m[28C[0K127.0.0.1:6379> KEYS TODO_COU[0;90;49m pattern[0m[29C[0K127.0.0.1:6379> KEYS TODO_COUN[0;90;49m pattern[0m[30C[0K127.0.0.1:6379> KEYS TODO_COUNT[0;90;49m pattern[0m[31C[0K127.0.0.1:6379> KEYS TODO_COUNTE[0;90;49m pattern[0m[32C[0K127.0.0.1:6379> KEYS TODO_COUNTER[0;90;49m pattern[0m[33C[0K127.0.0.1:6379> KEYS TODO_COUNTER[33C
1) "TODO_COUNTER"
127.0.0.1:6379> [0K127.0.0.1:6379> G[17C[0K127.0.0.1:6379> GE[18C[0K127.0.0.1:6379> GET[19C[0K127.0.0.1:6379> GET [0;90;49mkey[0m[20C[0K127.0.0.1:6379> GET T[0;90;49m key[0m[21C[0K127.0.0.1:6379> GET TO[0;90;49m key[0m[22C[0K127.0.0.1:6379> GET TOD[0;90;49m key[0m[23C[0K127.0.0.1:6379> GET TODO[0;90;49m key[0m[24C[0K127.0.0.1:6379> GET TODO_[0;90;49m key[0m[25C[0K127.0.0.1:6379> GET TODO_C[0;90;49m key[0m[26C[0K127.0.0.1:6379> GET TODO_CO[0;90;49m key[0m[27C[0K127.0.0.1:6379> GET TODO_COU[0;90;49m key[0m[28C[0K127.0.0.1:6379> GET TODO_COUN[0;90;49m key[0m[29C[0K127.0.0.1:6379> GET TODO_COUNT[0;90;49m key[0m[30C[0K127.0.0.1:6379> GET TODO_COUNTE[0;90;49m key[0m[31C[0K127.0.0.1:6379> GET TODO_COUNTER[0;90;49m key[0m[32C[0K127.0.0.1:6379> GET TODO_COUNTER[32C
"2"
127.0.0.1:6379> [0K127.0.0.1:6379> S[17C[0K127.0.0.1:6379> SE[18C[0K127.0.0.1:6379> SET[19C[0K127.0.0.1:6379> SET [0;90;49mkey value [NX|XX] [GET] [EX seconds|PX milliseconds|EXAT uni[0m[20C[0K127.0.0.1:6379> SET T[0;90;49m key value [NX|XX] [GET] [EX seconds|PX milliseconds|EXAT u[0m[21C[0K127.0.0.1:6379> SET TO[0;90;49m key value [NX|XX] [GET] [EX seconds|PX milliseconds|EXAT [0m[22C[0K127.0.0.1:6379> SET TOD[0;90;49m key value [NX|XX] [GET] [EX seconds|PX milliseconds|EXAT[0m[23C[0K127.0.0.1:6379> SET TODO[0;90;49m key value [NX|XX] [GET] [EX seconds|PX milliseconds|EXA[0m[24C[0K127.0.0.1:6379> SET TODO_[0;90;49m key value [NX|XX] [GET] [EX seconds|PX milliseconds|EX[0m[25C[0K127.0.0.1:6379> SET TODO_C[0;90;49m key value [NX|XX] [GET] [EX seconds|PX milliseconds|E[0m[26C[0K127.0.0.1:6379> SET TODO_CO[0;90;49m key value [NX|XX] [GET] [EX seconds|PX milliseconds|[0m[27C[0K127.0.0.1:6379> SET TODO_COU[0;90;49m key value [NX|XX] [GET] [EX seconds|PX milliseconds[0m[28C[0K127.0.0.1:6379> SET TODO_COUN[0;90;49m key value [NX|XX] [GET] [EX seconds|PX millisecond[0m[29C[0K127.0.0.1:6379> SET TODO_COUNT[0;90;49m key value [NX|XX] [GET] [EX seconds|PX millisecon[0m[30C[0K127.0.0.1:6379> SET TODO_COUNTE[0;90;49m key value [NX|XX] [GET] [EX seconds|PX milliseco[0m[31C[0K127.0.0.1:6379> SET TODO_COUNTER[0;90;49m key value [NX|XX] [GET] [EX seconds|PX millisec[0m[32C[0K127.0.0.1:6379> SET TODO_COUNTER [0;90;49mvalue [NX|XX] [GET] [EX seconds|PX milliseconds[0m[33C[0K127.0.0.1:6379> SET TODO_COUNTER 9[0;90;49m value [NX|XX] [GET] [EX seconds|PX millisecon[0m[34C[0K127.0.0.1:6379> SET TODO_COUNTER 90[0;90;49m value [NX|XX] [GET] [EX seconds|PX milliseco[0m[35C[0K127.0.0.1:6379> SET TODO_COUNTER 900[0;90;49m value [NX|XX] [GET] [EX seconds|PX millisec[0m[36C[0K127.0.0.1:6379> SET TODO_COUNTER 9001[0;90;49m value [NX|XX] [GET] [EX seconds|PX millise[0m[37C[0K127.0.0.1:6379> SET TODO_COUNTER 9001[37C
OK
127.0.0.1:6379> [0K127.0.0.1:6379> SET TODO_COUNTER 9001[0;90;49m value [NX|XX] [GET] [EX seconds|PX millise[0m[37C[0K127.0.0.1:6379> GET TODO_COUNTER[0;90;49m key[0m[32C[0K127.0.0.1:6379> GET TODO_COUNTER[32C
"9001"
127.0.0.1:6379> [0K127.0.0.1:6379> GET TODO_COUNTER[0;90;49m key[0m[32C[0K127.0.0.1:6379> GET TODO_COUNTER[32C
"9002"
127.0.0.1:6379> [0K127.0.0.1:6379> GET TODO_COUNTER[0;90;49m key[0m[32C[0K127.0.0.1:6379> GET TODO_COUNTER[0;90;49m key[0m[31C[0K127.0.0.1:6379> GET TODO_COUNTER[0;90;49m key[0m[30C[0K127.0.0.1:6379> GET TODO_COUNTER[0;90;49m key[0m[29C[0K127.0.0.1:6379> GET TODO_COUNTER[0;90;49m key[0m[28C[0K127.0.0.1:6379> GET TODO_COUNTER[0;90;49m key[0m[27C[0K127.0.0.1:6379> GET TODO_COUNTER[0;90;49m key[0m[26C[0K127.0.0.1:6379> GET TODO_COUNTER[0;90;49m key[0m[25C[0K127.0.0.1:6379> GET TODO_COUNTER[0;90;49m key[0m[24C[0K127.0.0.1:6379> GET TODO_COUNTER[0;90;49m key[0m[23C[0K127.0.0.1:6379> GET TODO_COUNTER[0;90;49m key[0m[22C[0K127.0.0.1:6379> GET TODO_COUNTER[0;90;49m key[0m[21C[0K127.0.0.1:6379> GET TODO_COUNTER[0;90;49m key[0m[20C[0K127.0.0.1:6379> GET TODO_COUNTER[0;90;49m key[0m[19C[0K127.0.0.1:6379> GE TODO_COUNTER[18C[0K127.0.0.1:6379> G TODO_COUNTER[17C[0K127.0.0.1:6379>  TODO_COUNTER[16C[0K127.0.0.1:6379> D TODO_COUNTER[17C[0K127.0.0.1:6379> DE TODO_COUNTER[18C[0K127.0.0.1:6379> DEL TODO_COUNTER[0;90;49m key [key ...][0m[19C[0K127.0.0.1:6379> DEL TODO_COUNTER[0;90;49m key [key ...][0m[32C[0K127.0.0.1:6379> DEL TODO_COUNTER[32C
(integer) 1
127.0.0.1:6379> [0K127.0.0.1:6379> DEL TODO_COUNTER[0;90;49m key [key ...][0m[32C[0K127.0.0.1:6379> GET TODO_COUNTER[0;90;49m key[0m[32C[0K127.0.0.1:6379> GET TODO_COUNTER[32C
(nil)
127.0.0.1:6379> [0K127.0.0.1:6379> GET TODO_COUNTER[0;90;49m key[0m[32C[0K127.0.0.1:6379> GET TODO_COUNTER[32C
"NaN"
127.0.0.1:6379> [0K127.0.0.1:6379> GET TODO_COUNTER[0;90;49m key[0m[32C[0K127.0.0.1:6379> GET TODO_COUNTER[32C
"NaN"
127.0.0.1:6379> [0K127.0.0.1:6379> GET TODO_COUNTER[0;90;49m key[0m[32C[0K127.0.0.1:6379> GET TODO_COUNTER[32C
"1"
127.0.0.1:6379> [0K127.0.0.1:6379> GET TODO_COUNTER[0;90;49m key[0m[32C[0K127.0.0.1:6379> DEL TODO_COUNTER[0;90;49m key [key ...][0m[32C[0K127.0.0.1:6379> DEL TODO_COUNTER[32C
(integer) 1
127.0.0.1:6379> [0K127.0.0.1:6379> DEL TODO_COUNTER[0;90;49m key [key ...][0m[32C[0K127.0.0.1:6379> GET TODO_COUNTER[0;90;49m key[0m[32C[0K127.0.0.1:6379> GET TODO_COUNTER[32C
(nil)
127.0.0.1:6379> [0K127.0.0.1:6379> GET TODO_COUNTER[0;90;49m key[0m[32C[0K127.0.0.1:6379> GET TODO_COUNTER[32C
"1"
127.0.0.1:6379> [0K127.0.0.1:6379> GET TODO_COUNTER[0;90;49m key[0m[32C[0K127.0.0.1:6379> GET TODO_COUNTER[32C
"2"
127.0.0.1:6379> [0K127.0.0.1:6379> GET TODO_COUNTER[0;90;49m key[0m[32C[0K127.0.0.1:6379> GET TODO_COUNTER[0;90;49m key[0m[31C[0K127.0.0.1:6379> GET TODO_COUNTER[0;90;49m key[0m[30C[0K127.0.0.1:6379> GET TODO_COUNTER[0;90;49m key[0m[29C[0K127.0.0.1:6379> GET TODO_COUNTER[0;90;49m key[0m[28C[0K127.0.0.1:6379> GET TODO_COUNTER[0;90;49m key[0m[27C[0K127.0.0.1:6379> GET TODO_COUNTER[0;90;49m key[0m[26C[0K127.0.0.1:6379> GET TODO_COUNTER[0;90;49m key[0m[25C[0K127.0.0.1:6379> GET TODO_COUNTER[0;90;49m key[0m[24C[0K127.0.0.1:6379> GET TODO_COUNTER[0;90;49m key[0m[23C[0K127.0.0.1:6379> GET TODO_COUNTER[0;90;49m key[0m[22C[0K127.0.0.1:6379> GET TODO_COUNTER[0;90;49m key[0m[21C[0K127.0.0.1:6379> GET TODO_COUNTER[0;90;49m key[0m[20C[0K127.0.0.1:6379> GET TODO_COUNTER[0;90;49m key[0m[19C[0K127.0.0.1:6379> GE TODO_COUNTER[18C[0K127.0.0.1:6379> G TODO_COUNTER[17C[0K127.0.0.1:6379>  TODO_COUNTER[16C[0K127.0.0.1:6379> D TODO_COUNTER[17C[0K127.0.0.1:6379> DE TODO_COUNTER[18C[0K127.0.0.1:6379> DEL TODO_COUNTER[0;90;49m key [key ...][0m[19C[0K127.0.0.1:6379> DEL TODO_COUNTER[0;90;49m key [key ...][0m[20C[0K127.0.0.1:6379> DEL TODO_COUNTER[0;90;49m key [key ...][0m[21C[0K127.0.0.1:6379> DEL TODO_COUNTER[0;90;49m key [key ...][0m[22C[0K127.0.0.1:6379> DEL TODO_COUNTER[0;90;49m key [key ...][0m[32C[0K127.0.0.1:6379> DEL TODO_COUNTER[32C
(integer) 1
127.0.0.1:6379> [0K127.0.0.1:6379> DEL TODO_COUNTER[0;90;49m key [key ...][0m[32C[0K127.0.0.1:6379> GET TODO_COUNTER[0;90;49m key[0m[32C[0K127.0.0.1:6379> GET TODO_COUNTER[32C
(nil)
127.0.0.1:6379> [0K127.0.0.1:6379> GET TODO_COUNTER[0;90;49m key[0m[32C[0K127.0.0.1:6379> GET TODO_COUNTER[32C
"1"
127.0.0.1:6379> [0K127.0.0.1:6379> e[17C[0K127.0.0.1:6379> ex[18C[0K127.0.0.1:6379> exi[19C[0K127.0.0.1:6379> exit[20C[0K127.0.0.1:6379> exit[20C
[?2004hroot@804f5be2b668:/data# exit
[?2004lexit
bash-3.2$ exit
exit

Script done on Mon Oct 13 22:03:30 2025
